// Jest Snapshot v1, https://goo.gl/fbAQLP

exports[`should render ExpenseListItem with expense 1`] = `
<div>
  <span>
    <strong>
      <Link
        replace={false}
        to="/edit/1"
      >
        Gum
      </Link>
    </strong>
      
  </span>
  <span>
    $1.95
      
  </span>
  <span>
    December 31st, 1969
      
  </span>
</div>
`;
